<?xml version="1.0" encoding="utf-8" standalone="yes"?>
<rss version="2.0" xmlns:media="http://search.yahoo.com/mrss/" xmlns:atom="http://www.w3.org/2005/Atom">
  <channel>
    <title>Golden on JP Dogs</title>
    <link>//localhost:1313/tags/golden/</link>
    <description>Recent content in Golden on JP Dogs</description>
    <generator>Hugo -- gohugo.io</generator>
    <language>en</language>
    <managingEditor>redwylie@gmail.com (Mark Wylie)</managingEditor>
    <webMaster>redwylie@gmail.com (Mark Wylie)</webMaster>
    <copyright>Â© Mark Wylie</copyright><atom:link href="//localhost:1313/tags/golden/index.xml" rel="self" type="application/rss+xml" />
    <item>
      <title>Sophie</title>
      <link>//localhost:1313/sophie/</link>
      <pubDate>Mon, 01 Jan 0001 00:00:00 +0000</pubDate><author>redwylie@gmail.com (Mark Wylie)</author>
      <guid>//localhost:1313/sophie/</guid><media:content url="//localhost:1313/sophie/Sophie-20240416-1_hu274090381d44567846421c5670f1e525_840087_900x600_fill_q95_box_smart1.jpg" type="image/jpeg"/>
        <description>
          &lt;img src=&quot;//localhost:1313/sophie/Sophie-20240416-1_hu274090381d44567846421c5670f1e525_840087_900x600_fill_q95_box_smart1.jpg&quot; /&gt;
          &lt;p&gt;Sophie&lt;/p&gt;
        </description></item>
  </channel>
</rss>